[2026-05-15 19:03:01,449][httpx][INFO] - HTTP Request: HEAD https://huggingface.co/swiss-ai/Apertus-8B-Instruct-2509/resolve/main/config.json "HTTP/1.1 307 Temporary Redirect"
[2026-05-15 19:03:01,465][httpx][INFO] - HTTP Request: HEAD https://huggingface.co/api/resolve-cache/models/swiss-ai/Apertus-8B-Instruct-2509/50761a511195fde9d958f62f3b6344329d4bd191/config.json "HTTP/1.1 200 OK"
[2026-05-15 19:03:01,489][httpx][INFO] - HTTP Request: HEAD https://huggingface.co/swiss-ai/Apertus-8B-Instruct-2509/resolve/main/config.json "HTTP/1.1 307 Temporary Redirect"
[2026-05-15 19:03:01,501][httpx][INFO] - HTTP Request: HEAD https://huggingface.co/api/resolve-cache/models/swiss-ai/Apertus-8B-Instruct-2509/50761a511195fde9d958f62f3b6344329d4bd191/config.json "HTTP/1.1 200 OK"
[2026-05-15 19:03:01,604][httpx][INFO] - HTTP Request: HEAD https://huggingface.co/swiss-ai/Apertus-8B-Instruct-2509/resolve/main/config.json "HTTP/1.1 307 Temporary Redirect"
[2026-05-15 19:03:01,618][httpx][INFO] - HTTP Request: HEAD https://huggingface.co/api/resolve-cache/models/swiss-ai/Apertus-8B-Instruct-2509/50761a511195fde9d958f62f3b6344329d4bd191/config.json "HTTP/1.1 200 OK"
[2026-05-15 19:03:01,632][httpx][INFO] - HTTP Request: HEAD https://huggingface.co/swiss-ai/Apertus-8B-Instruct-2509/resolve/main/config.json "HTTP/1.1 307 Temporary Redirect"
[2026-05-15 19:03:01,656][httpx][INFO] - HTTP Request: HEAD https://huggingface.co/api/resolve-cache/models/swiss-ai/Apertus-8B-Instruct-2509/50761a511195fde9d958f62f3b6344329d4bd191/config.json "HTTP/1.1 200 OK"
[2026-05-15 19:03:01,844][httpx][INFO] - HTTP Request: HEAD https://huggingface.co/swiss-ai/Apertus-8B-Instruct-2509/resolve/main/config.json "HTTP/1.1 307 Temporary Redirect"
[2026-05-15 19:03:01,853][httpx][INFO] - HTTP Request: HEAD https://huggingface.co/api/resolve-cache/models/swiss-ai/Apertus-8B-Instruct-2509/50761a511195fde9d958f62f3b6344329d4bd191/config.json "HTTP/1.1 200 OK"
[2026-05-15 19:03:01,981][httpx][INFO] - HTTP Request: HEAD https://huggingface.co/swiss-ai/Apertus-8B-Instruct-2509/resolve/main/config.json "HTTP/1.1 307 Temporary Redirect"
[2026-05-15 19:03:01,991][httpx][INFO] - HTTP Request: HEAD https://huggingface.co/api/resolve-cache/models/swiss-ai/Apertus-8B-Instruct-2509/50761a511195fde9d958f62f3b6344329d4bd191/config.json "HTTP/1.1 200 OK"
[2026-05-15 19:03:02,204][httpx][INFO] - HTTP Request: HEAD https://huggingface.co/swiss-ai/Apertus-8B-Instruct-2509/resolve/main/config.json "HTTP/1.1 307 Temporary Redirect"
[2026-05-15 19:03:02,218][httpx][INFO] - HTTP Request: HEAD https://huggingface.co/api/resolve-cache/models/swiss-ai/Apertus-8B-Instruct-2509/50761a511195fde9d958f62f3b6344329d4bd191/config.json "HTTP/1.1 200 OK"
[2026-05-15 19:03:02,343][httpx][INFO] - HTTP Request: HEAD https://huggingface.co/swiss-ai/Apertus-8B-Instruct-2509/resolve/main/config.json "HTTP/1.1 307 Temporary Redirect"
[2026-05-15 19:03:02,357][httpx][INFO] - HTTP Request: HEAD https://huggingface.co/api/resolve-cache/models/swiss-ai/Apertus-8B-Instruct-2509/50761a511195fde9d958f62f3b6344329d4bd191/config.json "HTTP/1.1 200 OK"
[2026-05-15 19:03:31,897][httpx][INFO] - HTTP Request: HEAD https://huggingface.co/swiss-ai/Apertus-8B-Instruct-2509/resolve/main/generation_config.json "HTTP/1.1 307 Temporary Redirect"
[2026-05-15 19:03:31,898][httpx][INFO] - HTTP Request: HEAD https://huggingface.co/swiss-ai/Apertus-8B-Instruct-2509/resolve/main/generation_config.json "HTTP/1.1 307 Temporary Redirect"
[2026-05-15 19:03:31,906][httpx][INFO] - HTTP Request: HEAD https://huggingface.co/swiss-ai/Apertus-8B-Instruct-2509/resolve/main/generation_config.json "HTTP/1.1 307 Temporary Redirect"
[2026-05-15 19:03:31,906][httpx][INFO] - HTTP Request: HEAD https://huggingface.co/api/resolve-cache/models/swiss-ai/Apertus-8B-Instruct-2509/50761a511195fde9d958f62f3b6344329d4bd191/generation_config.json "HTTP/1.1 200 OK"
[2026-05-15 19:03:31,907][httpx][INFO] - HTTP Request: HEAD https://huggingface.co/api/resolve-cache/models/swiss-ai/Apertus-8B-Instruct-2509/50761a511195fde9d958f62f3b6344329d4bd191/generation_config.json "HTTP/1.1 200 OK"
[2026-05-15 19:03:31,915][httpx][INFO] - HTTP Request: HEAD https://huggingface.co/api/resolve-cache/models/swiss-ai/Apertus-8B-Instruct-2509/50761a511195fde9d958f62f3b6344329d4bd191/generation_config.json "HTTP/1.1 200 OK"
[2026-05-15 19:03:31,919][httpx][INFO] - HTTP Request: HEAD https://huggingface.co/swiss-ai/Apertus-8B-Instruct-2509/resolve/main/generation_config.json "HTTP/1.1 307 Temporary Redirect"
[2026-05-15 19:03:31,932][httpx][INFO] - HTTP Request: HEAD https://huggingface.co/api/resolve-cache/models/swiss-ai/Apertus-8B-Instruct-2509/50761a511195fde9d958f62f3b6344329d4bd191/generation_config.json "HTTP/1.1 200 OK"
[2026-05-15 19:03:32,038][httpx][INFO] - HTTP Request: HEAD https://huggingface.co/swiss-ai/Apertus-8B-Instruct-2509/resolve/main/custom_generate/generate.py "HTTP/1.1 404 Not Found"
[2026-05-15 19:03:32,041][httpx][INFO] - HTTP Request: HEAD https://huggingface.co/swiss-ai/Apertus-8B-Instruct-2509/resolve/main/custom_generate/generate.py "HTTP/1.1 404 Not Found"
[2026-05-15 19:03:32,047][httpx][INFO] - HTTP Request: HEAD https://huggingface.co/swiss-ai/Apertus-8B-Instruct-2509/resolve/main/custom_generate/generate.py "HTTP/1.1 404 Not Found"
[2026-05-15 19:03:32,060][httpx][INFO] - HTTP Request: HEAD https://huggingface.co/swiss-ai/Apertus-8B-Instruct-2509/resolve/main/custom_generate/generate.py "HTTP/1.1 404 Not Found"
[2026-05-15 19:03:32,156][httpx][INFO] - HTTP Request: HEAD https://huggingface.co/swiss-ai/Apertus-8B-Instruct-2509/resolve/main/config.json "HTTP/1.1 307 Temporary Redirect"
[2026-05-15 19:03:32,160][httpx][INFO] - HTTP Request: HEAD https://huggingface.co/swiss-ai/Apertus-8B-Instruct-2509/resolve/main/config.json "HTTP/1.1 307 Temporary Redirect"
[2026-05-15 19:03:32,165][httpx][INFO] - HTTP Request: HEAD https://huggingface.co/api/resolve-cache/models/swiss-ai/Apertus-8B-Instruct-2509/50761a511195fde9d958f62f3b6344329d4bd191/config.json "HTTP/1.1 200 OK"
[2026-05-15 19:03:32,166][httpx][INFO] - HTTP Request: HEAD https://huggingface.co/swiss-ai/Apertus-8B-Instruct-2509/resolve/main/config.json "HTTP/1.1 307 Temporary Redirect"
[2026-05-15 19:03:32,170][httpx][INFO] - HTTP Request: HEAD https://huggingface.co/api/resolve-cache/models/swiss-ai/Apertus-8B-Instruct-2509/50761a511195fde9d958f62f3b6344329d4bd191/config.json "HTTP/1.1 200 OK"
[2026-05-15 19:03:32,175][httpx][INFO] - HTTP Request: HEAD https://huggingface.co/api/resolve-cache/models/swiss-ai/Apertus-8B-Instruct-2509/50761a511195fde9d958f62f3b6344329d4bd191/config.json "HTTP/1.1 200 OK"
[2026-05-15 19:03:32,182][httpx][INFO] - HTTP Request: HEAD https://huggingface.co/swiss-ai/Apertus-8B-Instruct-2509/resolve/main/config.json "HTTP/1.1 307 Temporary Redirect"
[2026-05-15 19:03:32,193][httpx][INFO] - HTTP Request: HEAD https://huggingface.co/api/resolve-cache/models/swiss-ai/Apertus-8B-Instruct-2509/50761a511195fde9d958f62f3b6344329d4bd191/config.json "HTTP/1.1 200 OK"
[2026-05-15 19:03:32,280][httpx][INFO] - HTTP Request: HEAD https://huggingface.co/swiss-ai/Apertus-8B-Instruct-2509/resolve/main/tokenizer_config.json "HTTP/1.1 307 Temporary Redirect"
[2026-05-15 19:03:32,285][httpx][INFO] - HTTP Request: HEAD https://huggingface.co/swiss-ai/Apertus-8B-Instruct-2509/resolve/main/tokenizer_config.json "HTTP/1.1 307 Temporary Redirect"
[2026-05-15 19:03:32,290][httpx][INFO] - HTTP Request: HEAD https://huggingface.co/api/resolve-cache/models/swiss-ai/Apertus-8B-Instruct-2509/50761a511195fde9d958f62f3b6344329d4bd191/tokenizer_config.json "HTTP/1.1 200 OK"
[2026-05-15 19:03:32,290][httpx][INFO] - HTTP Request: HEAD https://huggingface.co/swiss-ai/Apertus-8B-Instruct-2509/resolve/main/tokenizer_config.json "HTTP/1.1 307 Temporary Redirect"
[2026-05-15 19:03:32,294][httpx][INFO] - HTTP Request: HEAD https://huggingface.co/api/resolve-cache/models/swiss-ai/Apertus-8B-Instruct-2509/50761a511195fde9d958f62f3b6344329d4bd191/tokenizer_config.json "HTTP/1.1 200 OK"
[2026-05-15 19:03:32,299][httpx][INFO] - HTTP Request: HEAD https://huggingface.co/api/resolve-cache/models/swiss-ai/Apertus-8B-Instruct-2509/50761a511195fde9d958f62f3b6344329d4bd191/tokenizer_config.json "HTTP/1.1 200 OK"
[2026-05-15 19:03:32,326][httpx][INFO] - HTTP Request: HEAD https://huggingface.co/swiss-ai/Apertus-8B-Instruct-2509/resolve/main/tokenizer_config.json "HTTP/1.1 307 Temporary Redirect"
[2026-05-15 19:03:32,338][httpx][INFO] - HTTP Request: HEAD https://huggingface.co/api/resolve-cache/models/swiss-ai/Apertus-8B-Instruct-2509/50761a511195fde9d958f62f3b6344329d4bd191/tokenizer_config.json "HTTP/1.1 200 OK"
[2026-05-15 19:03:32,422][httpx][INFO] - HTTP Request: GET https://huggingface.co/api/models/swiss-ai/Apertus-8B-Instruct-2509/tree/main/additional_chat_templates?recursive=false&expand=false "HTTP/1.1 404 Not Found"
[2026-05-15 19:03:32,422][httpx][INFO] - HTTP Request: GET https://huggingface.co/api/models/swiss-ai/Apertus-8B-Instruct-2509/tree/main/additional_chat_templates?recursive=false&expand=false "HTTP/1.1 404 Not Found"
[2026-05-15 19:03:32,424][httpx][INFO] - HTTP Request: GET https://huggingface.co/api/models/swiss-ai/Apertus-8B-Instruct-2509/tree/main/additional_chat_templates?recursive=false&expand=false "HTTP/1.1 404 Not Found"
[2026-05-15 19:03:32,471][httpx][INFO] - HTTP Request: GET https://huggingface.co/api/models/swiss-ai/Apertus-8B-Instruct-2509/tree/main/additional_chat_templates?recursive=false&expand=false "HTTP/1.1 404 Not Found"
[2026-05-15 19:03:32,539][httpx][INFO] - HTTP Request: GET https://huggingface.co/api/models/swiss-ai/Apertus-8B-Instruct-2509/tree/main?recursive=true&expand=false "HTTP/1.1 200 OK"
[2026-05-15 19:03:32,542][httpx][INFO] - HTTP Request: GET https://huggingface.co/api/models/swiss-ai/Apertus-8B-Instruct-2509/tree/main?recursive=true&expand=false "HTTP/1.1 200 OK"
[2026-05-15 19:03:32,544][httpx][INFO] - HTTP Request: GET https://huggingface.co/api/models/swiss-ai/Apertus-8B-Instruct-2509/tree/main?recursive=true&expand=false "HTTP/1.1 200 OK"
[2026-05-15 19:03:32,597][httpx][INFO] - HTTP Request: GET https://huggingface.co/api/models/swiss-ai/Apertus-8B-Instruct-2509/tree/main?recursive=true&expand=false "HTTP/1.1 200 OK"
[2026-05-15 19:03:33,431][httpx][INFO] - HTTP Request: GET https://huggingface.co/api/models/swiss-ai/Apertus-8B-Instruct-2509 "HTTP/1.1 200 OK"
[2026-05-15 19:03:33,458][httpx][INFO] - HTTP Request: GET https://huggingface.co/api/models/swiss-ai/Apertus-8B-Instruct-2509 "HTTP/1.1 200 OK"
[2026-05-15 19:03:33,478][httpx][INFO] - HTTP Request: GET https://huggingface.co/api/models/swiss-ai/Apertus-8B-Instruct-2509 "HTTP/1.1 200 OK"
[2026-05-15 19:03:33,484][httpx][INFO] - HTTP Request: GET https://huggingface.co/api/models/swiss-ai/Apertus-8B-Instruct-2509 "HTTP/1.1 200 OK"
[2026-05-15 19:03:34,766][httpx][INFO] - HTTP Request: HEAD https://huggingface.co/datasets/lorenzo0312/degeneration-probe-instruct-token-level-balanced/resolve/main/README.md "HTTP/1.1 307 Temporary Redirect"
[2026-05-15 19:03:34,779][httpx][INFO] - HTTP Request: HEAD https://huggingface.co/api/resolve-cache/datasets/lorenzo0312/degeneration-probe-instruct-token-level-balanced/55831e27b7609554a4f3d40a3a6f18e481f24d4c/README.md "HTTP/1.1 200 OK"
[2026-05-15 19:03:34,860][httpx][INFO] - HTTP Request: HEAD https://huggingface.co/datasets/lorenzo0312/degeneration-probe-instruct-token-level-balanced/resolve/main/README.md "HTTP/1.1 307 Temporary Redirect"
[2026-05-15 19:03:34,869][httpx][INFO] - HTTP Request: HEAD https://huggingface.co/api/resolve-cache/datasets/lorenzo0312/degeneration-probe-instruct-token-level-balanced/55831e27b7609554a4f3d40a3a6f18e481f24d4c/README.md "HTTP/1.1 200 OK"
[2026-05-15 19:03:34,888][httpx][INFO] - HTTP Request: HEAD https://huggingface.co/datasets/lorenzo0312/degeneration-probe-instruct-token-level-balanced/resolve/main/README.md "HTTP/1.1 307 Temporary Redirect"
[2026-05-15 19:03:34,896][httpx][INFO] - HTTP Request: HEAD https://huggingface.co/api/resolve-cache/datasets/lorenzo0312/degeneration-probe-instruct-token-level-balanced/55831e27b7609554a4f3d40a3a6f18e481f24d4c/README.md "HTTP/1.1 200 OK"
[2026-05-15 19:03:34,909][httpx][INFO] - HTTP Request: HEAD https://huggingface.co/datasets/lorenzo0312/degeneration-probe-instruct-token-level-balanced/resolve/55831e27b7609554a4f3d40a3a6f18e481f24d4c/degeneration-probe-instruct-token-level-balanced.py "HTTP/1.1 404 Not Found"
[2026-05-15 19:03:34,910][httpx][INFO] - HTTP Request: HEAD https://huggingface.co/datasets/lorenzo0312/degeneration-probe-instruct-token-level-balanced/resolve/main/README.md "HTTP/1.1 307 Temporary Redirect"
[2026-05-15 19:03:34,919][httpx][INFO] - HTTP Request: HEAD https://huggingface.co/api/resolve-cache/datasets/lorenzo0312/degeneration-probe-instruct-token-level-balanced/55831e27b7609554a4f3d40a3a6f18e481f24d4c/README.md "HTTP/1.1 200 OK"
[2026-05-15 19:03:34,983][httpx][INFO] - HTTP Request: HEAD https://huggingface.co/datasets/lorenzo0312/degeneration-probe-instruct-token-level-balanced/resolve/55831e27b7609554a4f3d40a3a6f18e481f24d4c/degeneration-probe-instruct-token-level-balanced.py "HTTP/1.1 404 Not Found"
[2026-05-15 19:03:35,009][httpx][INFO] - HTTP Request: HEAD https://huggingface.co/datasets/lorenzo0312/degeneration-probe-instruct-token-level-balanced/resolve/55831e27b7609554a4f3d40a3a6f18e481f24d4c/degeneration-probe-instruct-token-level-balanced.py "HTTP/1.1 404 Not Found"
[2026-05-15 19:03:35,031][httpx][INFO] - HTTP Request: HEAD https://huggingface.co/datasets/lorenzo0312/degeneration-probe-instruct-token-level-balanced/resolve/55831e27b7609554a4f3d40a3a6f18e481f24d4c/degeneration-probe-instruct-token-level-balanced.py "HTTP/1.1 404 Not Found"
[2026-05-15 19:03:35,328][httpx][INFO] - HTTP Request: HEAD https://s3.amazonaws.com/datasets.huggingface.co/datasets/datasets/lorenzo0312/degeneration-probe-instruct-token-level-balanced/lorenzo0312/degeneration-probe-instruct-token-level-balanced.py "HTTP/1.1 404 Not Found"
[2026-05-15 19:03:35,349][httpx][INFO] - HTTP Request: HEAD https://s3.amazonaws.com/datasets.huggingface.co/datasets/datasets/lorenzo0312/degeneration-probe-instruct-token-level-balanced/lorenzo0312/degeneration-probe-instruct-token-level-balanced.py "HTTP/1.1 404 Not Found"
[2026-05-15 19:03:35,367][httpx][INFO] - HTTP Request: HEAD https://s3.amazonaws.com/datasets.huggingface.co/datasets/datasets/lorenzo0312/degeneration-probe-instruct-token-level-balanced/lorenzo0312/degeneration-probe-instruct-token-level-balanced.py "HTTP/1.1 404 Not Found"
[2026-05-15 19:03:35,371][httpx][INFO] - HTTP Request: HEAD https://s3.amazonaws.com/datasets.huggingface.co/datasets/datasets/lorenzo0312/degeneration-probe-instruct-token-level-balanced/lorenzo0312/degeneration-probe-instruct-token-level-balanced.py "HTTP/1.1 404 Not Found"
[2026-05-15 19:03:35,464][httpx][INFO] - HTTP Request: GET https://huggingface.co/api/datasets/lorenzo0312/degeneration-probe-instruct-token-level-balanced/revision/55831e27b7609554a4f3d40a3a6f18e481f24d4c "HTTP/1.1 200 OK"
[2026-05-15 19:03:35,467][httpx][INFO] - HTTP Request: GET https://huggingface.co/api/datasets/lorenzo0312/degeneration-probe-instruct-token-level-balanced/revision/55831e27b7609554a4f3d40a3a6f18e481f24d4c "HTTP/1.1 200 OK"
[2026-05-15 19:03:35,484][httpx][INFO] - HTTP Request: GET https://huggingface.co/api/datasets/lorenzo0312/degeneration-probe-instruct-token-level-balanced/revision/55831e27b7609554a4f3d40a3a6f18e481f24d4c "HTTP/1.1 200 OK"
[2026-05-15 19:03:35,489][httpx][INFO] - HTTP Request: GET https://huggingface.co/api/datasets/lorenzo0312/degeneration-probe-instruct-token-level-balanced/revision/55831e27b7609554a4f3d40a3a6f18e481f24d4c "HTTP/1.1 200 OK"
[2026-05-15 19:03:35,582][httpx][INFO] - HTTP Request: HEAD https://huggingface.co/datasets/lorenzo0312/degeneration-probe-instruct-token-level-balanced/resolve/55831e27b7609554a4f3d40a3a6f18e481f24d4c/.huggingface.yaml "HTTP/1.1 404 Not Found"
[2026-05-15 19:03:35,582][httpx][INFO] - HTTP Request: HEAD https://huggingface.co/datasets/lorenzo0312/degeneration-probe-instruct-token-level-balanced/resolve/55831e27b7609554a4f3d40a3a6f18e481f24d4c/.huggingface.yaml "HTTP/1.1 404 Not Found"
[2026-05-15 19:03:35,602][httpx][INFO] - HTTP Request: HEAD https://huggingface.co/datasets/lorenzo0312/degeneration-probe-instruct-token-level-balanced/resolve/55831e27b7609554a4f3d40a3a6f18e481f24d4c/.huggingface.yaml "HTTP/1.1 404 Not Found"
[2026-05-15 19:03:35,607][httpx][INFO] - HTTP Request: HEAD https://huggingface.co/datasets/lorenzo0312/degeneration-probe-instruct-token-level-balanced/resolve/55831e27b7609554a4f3d40a3a6f18e481f24d4c/.huggingface.yaml "HTTP/1.1 404 Not Found"
[2026-05-15 19:03:35,733][httpx][INFO] - HTTP Request: GET https://datasets-server.huggingface.co/info?dataset=lorenzo0312/degeneration-probe-instruct-token-level-balanced "HTTP/1.1 200 OK"
[2026-05-15 19:03:35,762][httpx][INFO] - HTTP Request: GET https://datasets-server.huggingface.co/info?dataset=lorenzo0312/degeneration-probe-instruct-token-level-balanced "HTTP/1.1 200 OK"
[2026-05-15 19:03:35,788][httpx][INFO] - HTTP Request: GET https://datasets-server.huggingface.co/info?dataset=lorenzo0312/degeneration-probe-instruct-token-level-balanced "HTTP/1.1 200 OK"
[2026-05-15 19:03:35,794][httpx][INFO] - HTTP Request: GET https://datasets-server.huggingface.co/info?dataset=lorenzo0312/degeneration-probe-instruct-token-level-balanced "HTTP/1.1 200 OK"
[2026-05-15 19:03:35,855][httpx][INFO] - HTTP Request: GET https://huggingface.co/api/datasets/lorenzo0312/degeneration-probe-instruct-token-level-balanced/tree/55831e27b7609554a4f3d40a3a6f18e481f24d4c/data?recursive=false&expand=false "HTTP/1.1 200 OK"
[2026-05-15 19:03:35,884][httpx][INFO] - HTTP Request: GET https://huggingface.co/api/datasets/lorenzo0312/degeneration-probe-instruct-token-level-balanced/tree/55831e27b7609554a4f3d40a3a6f18e481f24d4c/data?recursive=false&expand=false "HTTP/1.1 200 OK"
[2026-05-15 19:03:35,909][httpx][INFO] - HTTP Request: GET https://huggingface.co/api/datasets/lorenzo0312/degeneration-probe-instruct-token-level-balanced/tree/55831e27b7609554a4f3d40a3a6f18e481f24d4c/data?recursive=false&expand=false "HTTP/1.1 200 OK"
[2026-05-15 19:03:35,918][httpx][INFO] - HTTP Request: GET https://huggingface.co/api/datasets/lorenzo0312/degeneration-probe-instruct-token-level-balanced/tree/55831e27b7609554a4f3d40a3a6f18e481f24d4c/data?recursive=false&expand=false "HTTP/1.1 200 OK"
[2026-05-15 19:03:35,973][httpx][INFO] - HTTP Request: HEAD https://huggingface.co/datasets/lorenzo0312/degeneration-probe-instruct-token-level-balanced/resolve/55831e27b7609554a4f3d40a3a6f18e481f24d4c/dataset_infos.json "HTTP/1.1 404 Not Found"
[2026-05-15 19:03:36,003][httpx][INFO] - HTTP Request: HEAD https://huggingface.co/datasets/lorenzo0312/degeneration-probe-instruct-token-level-balanced/resolve/55831e27b7609554a4f3d40a3a6f18e481f24d4c/dataset_infos.json "HTTP/1.1 404 Not Found"
[2026-05-15 19:03:36,029][httpx][INFO] - HTTP Request: HEAD https://huggingface.co/datasets/lorenzo0312/degeneration-probe-instruct-token-level-balanced/resolve/55831e27b7609554a4f3d40a3a6f18e481f24d4c/dataset_infos.json "HTTP/1.1 404 Not Found"
[2026-05-15 19:03:36,032][httpx][INFO] - HTTP Request: HEAD https://huggingface.co/datasets/lorenzo0312/degeneration-probe-instruct-token-level-balanced/resolve/55831e27b7609554a4f3d40a3a6f18e481f24d4c/dataset_infos.json "HTTP/1.1 404 Not Found"
[2026-05-15 19:04:00,846][httpx][INFO] - HTTP Request: HEAD https://huggingface.co/datasets/lorenzo0312/degeneration-probe-instruct-token-level-balanced/resolve/main/README.md "HTTP/1.1 307 Temporary Redirect"
[2026-05-15 19:04:00,856][httpx][INFO] - HTTP Request: HEAD https://huggingface.co/api/resolve-cache/datasets/lorenzo0312/degeneration-probe-instruct-token-level-balanced/55831e27b7609554a4f3d40a3a6f18e481f24d4c/README.md "HTTP/1.1 200 OK"
[2026-05-15 19:04:00,969][httpx][INFO] - HTTP Request: HEAD https://huggingface.co/datasets/lorenzo0312/degeneration-probe-instruct-token-level-balanced/resolve/55831e27b7609554a4f3d40a3a6f18e481f24d4c/degeneration-probe-instruct-token-level-balanced.py "HTTP/1.1 404 Not Found"
[2026-05-15 19:04:01,448][httpx][INFO] - HTTP Request: HEAD https://s3.amazonaws.com/datasets.huggingface.co/datasets/datasets/lorenzo0312/degeneration-probe-instruct-token-level-balanced/lorenzo0312/degeneration-probe-instruct-token-level-balanced.py "HTTP/1.1 404 Not Found"
[2026-05-15 19:04:01,545][httpx][INFO] - HTTP Request: HEAD https://huggingface.co/datasets/lorenzo0312/degeneration-probe-instruct-token-level-balanced/resolve/main/README.md "HTTP/1.1 307 Temporary Redirect"
[2026-05-15 19:04:01,554][httpx][INFO] - HTTP Request: HEAD https://huggingface.co/api/resolve-cache/datasets/lorenzo0312/degeneration-probe-instruct-token-level-balanced/55831e27b7609554a4f3d40a3a6f18e481f24d4c/README.md "HTTP/1.1 200 OK"
[2026-05-15 19:04:01,564][httpx][INFO] - HTTP Request: HEAD https://huggingface.co/datasets/lorenzo0312/degeneration-probe-instruct-token-level-balanced/resolve/55831e27b7609554a4f3d40a3a6f18e481f24d4c/.huggingface.yaml "HTTP/1.1 404 Not Found"
[2026-05-15 19:04:01,668][httpx][INFO] - HTTP Request: HEAD https://huggingface.co/datasets/lorenzo0312/degeneration-probe-instruct-token-level-balanced/resolve/55831e27b7609554a4f3d40a3a6f18e481f24d4c/degeneration-probe-instruct-token-level-balanced.py "HTTP/1.1 404 Not Found"
[2026-05-15 19:04:01,822][httpx][INFO] - HTTP Request: GET https://datasets-server.huggingface.co/info?dataset=lorenzo0312/degeneration-probe-instruct-token-level-balanced "HTTP/1.1 200 OK"
[2026-05-15 19:04:01,939][httpx][INFO] - HTTP Request: HEAD https://huggingface.co/datasets/lorenzo0312/degeneration-probe-instruct-token-level-balanced/resolve/55831e27b7609554a4f3d40a3a6f18e481f24d4c/dataset_infos.json "HTTP/1.1 404 Not Found"
[2026-05-15 19:04:01,945][httpx][INFO] - HTTP Request: HEAD https://huggingface.co/datasets/lorenzo0312/degeneration-probe-instruct-token-level-balanced/resolve/main/README.md "HTTP/1.1 307 Temporary Redirect"
[2026-05-15 19:04:01,979][httpx][INFO] - HTTP Request: HEAD https://huggingface.co/api/resolve-cache/datasets/lorenzo0312/degeneration-probe-instruct-token-level-balanced/55831e27b7609554a4f3d40a3a6f18e481f24d4c/README.md "HTTP/1.1 200 OK"
[2026-05-15 19:04:02,051][httpx][INFO] - HTTP Request: HEAD https://s3.amazonaws.com/datasets.huggingface.co/datasets/datasets/lorenzo0312/degeneration-probe-instruct-token-level-balanced/lorenzo0312/degeneration-probe-instruct-token-level-balanced.py "HTTP/1.1 404 Not Found"
[2026-05-15 19:04:02,118][httpx][INFO] - HTTP Request: HEAD https://huggingface.co/datasets/lorenzo0312/degeneration-probe-instruct-token-level-balanced/resolve/55831e27b7609554a4f3d40a3a6f18e481f24d4c/degeneration-probe-instruct-token-level-balanced.py "HTTP/1.1 404 Not Found"
[2026-05-15 19:04:02,121][httpx][INFO] - HTTP Request: HEAD https://huggingface.co/datasets/lorenzo0312/degeneration-probe-instruct-token-level-balanced/resolve/main/README.md "HTTP/1.1 307 Temporary Redirect"
[2026-05-15 19:04:02,131][httpx][INFO] - HTTP Request: HEAD https://huggingface.co/api/resolve-cache/datasets/lorenzo0312/degeneration-probe-instruct-token-level-balanced/55831e27b7609554a4f3d40a3a6f18e481f24d4c/README.md "HTTP/1.1 200 OK"
[2026-05-15 19:04:02,166][httpx][INFO] - HTTP Request: HEAD https://huggingface.co/datasets/lorenzo0312/degeneration-probe-instruct-token-level-balanced/resolve/55831e27b7609554a4f3d40a3a6f18e481f24d4c/.huggingface.yaml "HTTP/1.1 404 Not Found"
[2026-05-15 19:04:02,245][httpx][INFO] - HTTP Request: HEAD https://huggingface.co/datasets/lorenzo0312/degeneration-probe-instruct-token-level-balanced/resolve/55831e27b7609554a4f3d40a3a6f18e481f24d4c/degeneration-probe-instruct-token-level-balanced.py "HTTP/1.1 404 Not Found"
[2026-05-15 19:04:02,321][httpx][INFO] - HTTP Request: GET https://datasets-server.huggingface.co/info?dataset=lorenzo0312/degeneration-probe-instruct-token-level-balanced "HTTP/1.1 200 OK"
[2026-05-15 19:04:02,435][httpx][INFO] - HTTP Request: HEAD https://huggingface.co/datasets/lorenzo0312/degeneration-probe-instruct-token-level-balanced/resolve/55831e27b7609554a4f3d40a3a6f18e481f24d4c/dataset_infos.json "HTTP/1.1 404 Not Found"
[2026-05-15 19:04:02,482][httpx][INFO] - HTTP Request: HEAD https://s3.amazonaws.com/datasets.huggingface.co/datasets/datasets/lorenzo0312/degeneration-probe-instruct-token-level-balanced/lorenzo0312/degeneration-probe-instruct-token-level-balanced.py "HTTP/1.1 404 Not Found"
[2026-05-15 19:04:02,600][httpx][INFO] - HTTP Request: HEAD https://s3.amazonaws.com/datasets.huggingface.co/datasets/datasets/lorenzo0312/degeneration-probe-instruct-token-level-balanced/lorenzo0312/degeneration-probe-instruct-token-level-balanced.py "HTTP/1.1 404 Not Found"
[2026-05-15 19:04:02,624][httpx][INFO] - HTTP Request: HEAD https://huggingface.co/datasets/lorenzo0312/degeneration-probe-instruct-token-level-balanced/resolve/55831e27b7609554a4f3d40a3a6f18e481f24d4c/.huggingface.yaml "HTTP/1.1 404 Not Found"
[2026-05-15 19:04:02,717][httpx][INFO] - HTTP Request: HEAD https://huggingface.co/datasets/lorenzo0312/degeneration-probe-instruct-token-level-balanced/resolve/55831e27b7609554a4f3d40a3a6f18e481f24d4c/.huggingface.yaml "HTTP/1.1 404 Not Found"
[2026-05-15 19:04:02,823][httpx][INFO] - HTTP Request: GET https://datasets-server.huggingface.co/info?dataset=lorenzo0312/degeneration-probe-instruct-token-level-balanced "HTTP/1.1 200 OK"
[2026-05-15 19:04:02,922][httpx][INFO] - HTTP Request: GET https://datasets-server.huggingface.co/info?dataset=lorenzo0312/degeneration-probe-instruct-token-level-balanced "HTTP/1.1 200 OK"
[2026-05-15 19:04:02,947][httpx][INFO] - HTTP Request: HEAD https://huggingface.co/datasets/lorenzo0312/degeneration-probe-instruct-token-level-balanced/resolve/55831e27b7609554a4f3d40a3a6f18e481f24d4c/dataset_infos.json "HTTP/1.1 404 Not Found"
[2026-05-15 19:04:03,035][httpx][INFO] - HTTP Request: HEAD https://huggingface.co/datasets/lorenzo0312/degeneration-probe-instruct-token-level-balanced/resolve/55831e27b7609554a4f3d40a3a6f18e481f24d4c/dataset_infos.json "HTTP/1.1 404 Not Found"
[2026-05-15 19:04:05,547][httpx][INFO] - HTTP Request: HEAD https://huggingface.co/datasets/lorenzo0312/degeneration-probe-instruct-token-level-balanced/resolve/main/README.md "HTTP/1.1 307 Temporary Redirect"
[2026-05-15 19:04:05,557][httpx][INFO] - HTTP Request: HEAD https://huggingface.co/api/resolve-cache/datasets/lorenzo0312/degeneration-probe-instruct-token-level-balanced/55831e27b7609554a4f3d40a3a6f18e481f24d4c/README.md "HTTP/1.1 200 OK"
[2026-05-15 19:04:05,675][httpx][INFO] - HTTP Request: HEAD https://huggingface.co/datasets/lorenzo0312/degeneration-probe-instruct-token-level-balanced/resolve/55831e27b7609554a4f3d40a3a6f18e481f24d4c/degeneration-probe-instruct-token-level-balanced.py "HTTP/1.1 404 Not Found"
[2026-05-15 19:04:05,712][httpx][INFO] - HTTP Request: HEAD https://huggingface.co/datasets/lorenzo0312/degeneration-probe-instruct-token-level-balanced/resolve/main/README.md "HTTP/1.1 307 Temporary Redirect"
[2026-05-15 19:04:05,721][httpx][INFO] - HTTP Request: HEAD https://huggingface.co/api/resolve-cache/datasets/lorenzo0312/degeneration-probe-instruct-token-level-balanced/55831e27b7609554a4f3d40a3a6f18e481f24d4c/README.md "HTTP/1.1 200 OK"
[2026-05-15 19:04:05,813][httpx][INFO] - HTTP Request: HEAD https://s3.amazonaws.com/datasets.huggingface.co/datasets/datasets/lorenzo0312/degeneration-probe-instruct-token-level-balanced/lorenzo0312/degeneration-probe-instruct-token-level-balanced.py "HTTP/1.1 404 Not Found"
[2026-05-15 19:04:05,837][httpx][INFO] - HTTP Request: HEAD https://huggingface.co/datasets/lorenzo0312/degeneration-probe-instruct-token-level-balanced/resolve/55831e27b7609554a4f3d40a3a6f18e481f24d4c/degeneration-probe-instruct-token-level-balanced.py "HTTP/1.1 404 Not Found"
[2026-05-15 19:04:05,932][httpx][INFO] - HTTP Request: HEAD https://huggingface.co/datasets/lorenzo0312/degeneration-probe-instruct-token-level-balanced/resolve/55831e27b7609554a4f3d40a3a6f18e481f24d4c/.huggingface.yaml "HTTP/1.1 404 Not Found"
[2026-05-15 19:04:05,978][httpx][INFO] - HTTP Request: HEAD https://s3.amazonaws.com/datasets.huggingface.co/datasets/datasets/lorenzo0312/degeneration-probe-instruct-token-level-balanced/lorenzo0312/degeneration-probe-instruct-token-level-balanced.py "HTTP/1.1 404 Not Found"
[2026-05-15 19:04:06,033][httpx][INFO] - HTTP Request: HEAD https://huggingface.co/datasets/lorenzo0312/degeneration-probe-instruct-token-level-balanced/resolve/main/README.md "HTTP/1.1 307 Temporary Redirect"
[2026-05-15 19:04:06,046][httpx][INFO] - HTTP Request: HEAD https://huggingface.co/api/resolve-cache/datasets/lorenzo0312/degeneration-probe-instruct-token-level-balanced/55831e27b7609554a4f3d40a3a6f18e481f24d4c/README.md "HTTP/1.1 200 OK"
[2026-05-15 19:04:06,081][httpx][INFO] - HTTP Request: GET https://datasets-server.huggingface.co/info?dataset=lorenzo0312/degeneration-probe-instruct-token-level-balanced "HTTP/1.1 200 OK"
[2026-05-15 19:04:06,092][httpx][INFO] - HTTP Request: HEAD https://huggingface.co/datasets/lorenzo0312/degeneration-probe-instruct-token-level-balanced/resolve/55831e27b7609554a4f3d40a3a6f18e481f24d4c/.huggingface.yaml "HTTP/1.1 404 Not Found"
[2026-05-15 19:04:06,168][httpx][INFO] - HTTP Request: HEAD https://huggingface.co/datasets/lorenzo0312/degeneration-probe-instruct-token-level-balanced/resolve/main/README.md "HTTP/1.1 307 Temporary Redirect"
[2026-05-15 19:04:06,169][httpx][INFO] - HTTP Request: HEAD https://huggingface.co/datasets/lorenzo0312/degeneration-probe-instruct-token-level-balanced/resolve/55831e27b7609554a4f3d40a3a6f18e481f24d4c/degeneration-probe-instruct-token-level-balanced.py "HTTP/1.1 404 Not Found"
[2026-05-15 19:04:06,178][httpx][INFO] - HTTP Request: HEAD https://huggingface.co/api/resolve-cache/datasets/lorenzo0312/degeneration-probe-instruct-token-level-balanced/55831e27b7609554a4f3d40a3a6f18e481f24d4c/README.md "HTTP/1.1 200 OK"
[2026-05-15 19:04:06,195][httpx][INFO] - HTTP Request: HEAD https://huggingface.co/datasets/lorenzo0312/degeneration-probe-instruct-token-level-balanced/resolve/55831e27b7609554a4f3d40a3a6f18e481f24d4c/dataset_infos.json "HTTP/1.1 404 Not Found"
[2026-05-15 19:04:06,223][httpx][INFO] - HTTP Request: GET https://datasets-server.huggingface.co/info?dataset=lorenzo0312/degeneration-probe-instruct-token-level-balanced "HTTP/1.1 200 OK"
[2026-05-15 19:04:06,293][httpx][INFO] - HTTP Request: HEAD https://huggingface.co/datasets/lorenzo0312/degeneration-probe-instruct-token-level-balanced/resolve/55831e27b7609554a4f3d40a3a6f18e481f24d4c/degeneration-probe-instruct-token-level-balanced.py "HTTP/1.1 404 Not Found"
[2026-05-15 19:04:06,295][httpx][INFO] - HTTP Request: HEAD https://s3.amazonaws.com/datasets.huggingface.co/datasets/datasets/lorenzo0312/degeneration-probe-instruct-token-level-balanced/lorenzo0312/degeneration-probe-instruct-token-level-balanced.py "HTTP/1.1 404 Not Found"
[2026-05-15 19:04:06,338][httpx][INFO] - HTTP Request: HEAD https://huggingface.co/datasets/lorenzo0312/degeneration-probe-instruct-token-level-balanced/resolve/55831e27b7609554a4f3d40a3a6f18e481f24d4c/dataset_infos.json "HTTP/1.1 404 Not Found"
[2026-05-15 19:04:06,400][httpx][INFO] - HTTP Request: HEAD https://s3.amazonaws.com/datasets.huggingface.co/datasets/datasets/lorenzo0312/degeneration-probe-instruct-token-level-balanced/lorenzo0312/degeneration-probe-instruct-token-level-balanced.py "HTTP/1.1 404 Not Found"
[2026-05-15 19:04:06,415][httpx][INFO] - HTTP Request: HEAD https://huggingface.co/datasets/lorenzo0312/degeneration-probe-instruct-token-level-balanced/resolve/55831e27b7609554a4f3d40a3a6f18e481f24d4c/.huggingface.yaml "HTTP/1.1 404 Not Found"
[2026-05-15 19:04:06,518][httpx][INFO] - HTTP Request: HEAD https://huggingface.co/datasets/lorenzo0312/degeneration-probe-instruct-token-level-balanced/resolve/55831e27b7609554a4f3d40a3a6f18e481f24d4c/.huggingface.yaml "HTTP/1.1 404 Not Found"
[2026-05-15 19:04:06,548][httpx][INFO] - HTTP Request: GET https://datasets-server.huggingface.co/info?dataset=lorenzo0312/degeneration-probe-instruct-token-level-balanced "HTTP/1.1 200 OK"
[2026-05-15 19:04:06,660][httpx][INFO] - HTTP Request: GET https://datasets-server.huggingface.co/info?dataset=lorenzo0312/degeneration-probe-instruct-token-level-balanced "HTTP/1.1 200 OK"
[2026-05-15 19:04:06,682][httpx][INFO] - HTTP Request: HEAD https://huggingface.co/datasets/lorenzo0312/degeneration-probe-instruct-token-level-balanced/resolve/55831e27b7609554a4f3d40a3a6f18e481f24d4c/dataset_infos.json "HTTP/1.1 404 Not Found"
[2026-05-15 19:04:06,776][httpx][INFO] - HTTP Request: HEAD https://huggingface.co/datasets/lorenzo0312/degeneration-probe-instruct-token-level-balanced/resolve/55831e27b7609554a4f3d40a3a6f18e481f24d4c/dataset_infos.json "HTTP/1.1 404 Not Found"
[2026-05-15 19:52:05,527][httpx][INFO] - HTTP Request: HEAD https://huggingface.co/swiss-ai/Apertus-8B-Instruct-2509/resolve/main/config.json "HTTP/1.1 307 Temporary Redirect"
[2026-05-15 19:52:05,540][httpx][INFO] - HTTP Request: HEAD https://huggingface.co/api/resolve-cache/models/swiss-ai/Apertus-8B-Instruct-2509/50761a511195fde9d958f62f3b6344329d4bd191/config.json "HTTP/1.1 200 OK"
[2026-05-15 19:52:05,661][httpx][INFO] - HTTP Request: HEAD https://huggingface.co/swiss-ai/Apertus-8B-Instruct-2509/resolve/main/config.json "HTTP/1.1 307 Temporary Redirect"
[2026-05-15 19:52:05,674][httpx][INFO] - HTTP Request: HEAD https://huggingface.co/api/resolve-cache/models/swiss-ai/Apertus-8B-Instruct-2509/50761a511195fde9d958f62f3b6344329d4bd191/config.json "HTTP/1.1 200 OK"
[2026-05-15 19:52:06,015][httpx][INFO] - HTTP Request: HEAD https://huggingface.co/swiss-ai/Apertus-8B-Instruct-2509/resolve/main/config.json "HTTP/1.1 307 Temporary Redirect"
[2026-05-15 19:52:06,028][httpx][INFO] - HTTP Request: HEAD https://huggingface.co/api/resolve-cache/models/swiss-ai/Apertus-8B-Instruct-2509/50761a511195fde9d958f62f3b6344329d4bd191/config.json "HTTP/1.1 200 OK"
[2026-05-15 19:52:06,146][httpx][INFO] - HTTP Request: HEAD https://huggingface.co/swiss-ai/Apertus-8B-Instruct-2509/resolve/main/config.json "HTTP/1.1 307 Temporary Redirect"
[2026-05-15 19:52:06,159][httpx][INFO] - HTTP Request: HEAD https://huggingface.co/api/resolve-cache/models/swiss-ai/Apertus-8B-Instruct-2509/50761a511195fde9d958f62f3b6344329d4bd191/config.json "HTTP/1.1 200 OK"
[2026-05-15 19:53:08,608][httpx][INFO] - HTTP Request: HEAD https://huggingface.co/swiss-ai/Apertus-8B-Instruct-2509/resolve/main/config.json "HTTP/1.1 307 Temporary Redirect"
[2026-05-15 19:53:08,617][httpx][INFO] - HTTP Request: HEAD https://huggingface.co/api/resolve-cache/models/swiss-ai/Apertus-8B-Instruct-2509/50761a511195fde9d958f62f3b6344329d4bd191/config.json "HTTP/1.1 200 OK"
[2026-05-15 19:53:08,734][httpx][INFO] - HTTP Request: HEAD https://huggingface.co/swiss-ai/Apertus-8B-Instruct-2509/resolve/main/config.json "HTTP/1.1 307 Temporary Redirect"
[2026-05-15 19:53:08,742][httpx][INFO] - HTTP Request: HEAD https://huggingface.co/api/resolve-cache/models/swiss-ai/Apertus-8B-Instruct-2509/50761a511195fde9d958f62f3b6344329d4bd191/config.json "HTTP/1.1 200 OK"
[2026-05-15 19:53:09,149][httpx][INFO] - HTTP Request: HEAD https://huggingface.co/swiss-ai/Apertus-8B-Instruct-2509/resolve/main/config.json "HTTP/1.1 307 Temporary Redirect"
[2026-05-15 19:53:09,160][httpx][INFO] - HTTP Request: HEAD https://huggingface.co/api/resolve-cache/models/swiss-ai/Apertus-8B-Instruct-2509/50761a511195fde9d958f62f3b6344329d4bd191/config.json "HTTP/1.1 200 OK"
[2026-05-15 19:53:09,275][httpx][INFO] - HTTP Request: HEAD https://huggingface.co/swiss-ai/Apertus-8B-Instruct-2509/resolve/main/config.json "HTTP/1.1 307 Temporary Redirect"
[2026-05-15 19:53:09,285][httpx][INFO] - HTTP Request: HEAD https://huggingface.co/api/resolve-cache/models/swiss-ai/Apertus-8B-Instruct-2509/50761a511195fde9d958f62f3b6344329d4bd191/config.json "HTTP/1.1 200 OK"
[2026-05-15 19:54:25,801][httpx][INFO] - HTTP Request: HEAD https://huggingface.co/swiss-ai/Apertus-8B-Instruct-2509/resolve/main/config.json "HTTP/1.1 307 Temporary Redirect"
[2026-05-15 19:54:25,813][httpx][INFO] - HTTP Request: HEAD https://huggingface.co/api/resolve-cache/models/swiss-ai/Apertus-8B-Instruct-2509/50761a511195fde9d958f62f3b6344329d4bd191/config.json "HTTP/1.1 200 OK"
[2026-05-15 19:54:25,927][httpx][INFO] - HTTP Request: HEAD https://huggingface.co/swiss-ai/Apertus-8B-Instruct-2509/resolve/main/config.json "HTTP/1.1 307 Temporary Redirect"
[2026-05-15 19:54:25,941][httpx][INFO] - HTTP Request: HEAD https://huggingface.co/api/resolve-cache/models/swiss-ai/Apertus-8B-Instruct-2509/50761a511195fde9d958f62f3b6344329d4bd191/config.json "HTTP/1.1 200 OK"
[2026-05-15 19:54:26,356][httpx][INFO] - HTTP Request: HEAD https://huggingface.co/swiss-ai/Apertus-8B-Instruct-2509/resolve/main/config.json "HTTP/1.1 307 Temporary Redirect"
[2026-05-15 19:54:26,365][httpx][INFO] - HTTP Request: HEAD https://huggingface.co/api/resolve-cache/models/swiss-ai/Apertus-8B-Instruct-2509/50761a511195fde9d958f62f3b6344329d4bd191/config.json "HTTP/1.1 200 OK"
[2026-05-15 19:54:26,479][httpx][INFO] - HTTP Request: HEAD https://huggingface.co/swiss-ai/Apertus-8B-Instruct-2509/resolve/main/config.json "HTTP/1.1 307 Temporary Redirect"
[2026-05-15 19:54:26,488][httpx][INFO] - HTTP Request: HEAD https://huggingface.co/api/resolve-cache/models/swiss-ai/Apertus-8B-Instruct-2509/50761a511195fde9d958f62f3b6344329d4bd191/config.json "HTTP/1.1 200 OK"
[2026-05-15 19:55:01,992][httpx][INFO] - HTTP Request: HEAD https://huggingface.co/swiss-ai/Apertus-8B-Instruct-2509/resolve/main/config.json "HTTP/1.1 307 Temporary Redirect"
[2026-05-15 19:55:02,003][httpx][INFO] - HTTP Request: HEAD https://huggingface.co/api/resolve-cache/models/swiss-ai/Apertus-8B-Instruct-2509/50761a511195fde9d958f62f3b6344329d4bd191/config.json "HTTP/1.1 200 OK"
[2026-05-15 19:55:02,122][httpx][INFO] - HTTP Request: HEAD https://huggingface.co/swiss-ai/Apertus-8B-Instruct-2509/resolve/main/config.json "HTTP/1.1 307 Temporary Redirect"
[2026-05-15 19:55:02,132][httpx][INFO] - HTTP Request: HEAD https://huggingface.co/api/resolve-cache/models/swiss-ai/Apertus-8B-Instruct-2509/50761a511195fde9d958f62f3b6344329d4bd191/config.json "HTTP/1.1 200 OK"
[2026-05-15 19:55:02,548][httpx][INFO] - HTTP Request: HEAD https://huggingface.co/swiss-ai/Apertus-8B-Instruct-2509/resolve/main/config.json "HTTP/1.1 307 Temporary Redirect"
[2026-05-15 19:55:02,558][httpx][INFO] - HTTP Request: HEAD https://huggingface.co/api/resolve-cache/models/swiss-ai/Apertus-8B-Instruct-2509/50761a511195fde9d958f62f3b6344329d4bd191/config.json "HTTP/1.1 200 OK"
[2026-05-15 19:55:02,674][httpx][INFO] - HTTP Request: HEAD https://huggingface.co/swiss-ai/Apertus-8B-Instruct-2509/resolve/main/config.json "HTTP/1.1 307 Temporary Redirect"
[2026-05-15 19:55:02,683][httpx][INFO] - HTTP Request: HEAD https://huggingface.co/api/resolve-cache/models/swiss-ai/Apertus-8B-Instruct-2509/50761a511195fde9d958f62f3b6344329d4bd191/config.json "HTTP/1.1 200 OK"
[2026-05-15 19:55:39,050][httpx][INFO] - HTTP Request: HEAD https://huggingface.co/swiss-ai/Apertus-8B-Instruct-2509/resolve/main/config.json "HTTP/1.1 307 Temporary Redirect"
[2026-05-15 19:55:39,060][httpx][INFO] - HTTP Request: HEAD https://huggingface.co/api/resolve-cache/models/swiss-ai/Apertus-8B-Instruct-2509/50761a511195fde9d958f62f3b6344329d4bd191/config.json "HTTP/1.1 200 OK"
[2026-05-15 19:55:39,174][httpx][INFO] - HTTP Request: HEAD https://huggingface.co/swiss-ai/Apertus-8B-Instruct-2509/resolve/main/config.json "HTTP/1.1 307 Temporary Redirect"
[2026-05-15 19:55:39,184][httpx][INFO] - HTTP Request: HEAD https://huggingface.co/api/resolve-cache/models/swiss-ai/Apertus-8B-Instruct-2509/50761a511195fde9d958f62f3b6344329d4bd191/config.json "HTTP/1.1 200 OK"
[2026-05-15 19:56:45,170][httpx][INFO] - HTTP Request: HEAD https://huggingface.co/swiss-ai/Apertus-8B-Instruct-2509/resolve/main/config.json "HTTP/1.1 307 Temporary Redirect"
[2026-05-15 19:56:45,179][httpx][INFO] - HTTP Request: HEAD https://huggingface.co/api/resolve-cache/models/swiss-ai/Apertus-8B-Instruct-2509/50761a511195fde9d958f62f3b6344329d4bd191/config.json "HTTP/1.1 200 OK"
[2026-05-15 19:56:45,297][httpx][INFO] - HTTP Request: HEAD https://huggingface.co/swiss-ai/Apertus-8B-Instruct-2509/resolve/main/config.json "HTTP/1.1 307 Temporary Redirect"
[2026-05-15 19:56:45,308][httpx][INFO] - HTTP Request: HEAD https://huggingface.co/api/resolve-cache/models/swiss-ai/Apertus-8B-Instruct-2509/50761a511195fde9d958f62f3b6344329d4bd191/config.json "HTTP/1.1 200 OK"
[2026-05-15 19:58:07,696][httpx][INFO] - HTTP Request: HEAD https://huggingface.co/swiss-ai/Apertus-8B-Instruct-2509/resolve/main/config.json "HTTP/1.1 307 Temporary Redirect"
[2026-05-15 19:58:07,704][httpx][INFO] - HTTP Request: HEAD https://huggingface.co/api/resolve-cache/models/swiss-ai/Apertus-8B-Instruct-2509/50761a511195fde9d958f62f3b6344329d4bd191/config.json "HTTP/1.1 200 OK"
[2026-05-15 19:58:07,816][httpx][INFO] - HTTP Request: HEAD https://huggingface.co/swiss-ai/Apertus-8B-Instruct-2509/resolve/main/config.json "HTTP/1.1 307 Temporary Redirect"
[2026-05-15 19:58:07,824][httpx][INFO] - HTTP Request: HEAD https://huggingface.co/api/resolve-cache/models/swiss-ai/Apertus-8B-Instruct-2509/50761a511195fde9d958f62f3b6344329d4bd191/config.json "HTTP/1.1 200 OK"
[2026-05-15 19:58:46,149][httpx][INFO] - HTTP Request: HEAD https://huggingface.co/swiss-ai/Apertus-8B-Instruct-2509/resolve/main/config.json "HTTP/1.1 307 Temporary Redirect"
[2026-05-15 19:58:46,162][httpx][INFO] - HTTP Request: HEAD https://huggingface.co/api/resolve-cache/models/swiss-ai/Apertus-8B-Instruct-2509/50761a511195fde9d958f62f3b6344329d4bd191/config.json "HTTP/1.1 200 OK"
[2026-05-15 19:58:46,290][httpx][INFO] - HTTP Request: HEAD https://huggingface.co/swiss-ai/Apertus-8B-Instruct-2509/resolve/main/config.json "HTTP/1.1 307 Temporary Redirect"
[2026-05-15 19:58:46,302][httpx][INFO] - HTTP Request: HEAD https://huggingface.co/api/resolve-cache/models/swiss-ai/Apertus-8B-Instruct-2509/50761a511195fde9d958f62f3b6344329d4bd191/config.json "HTTP/1.1 200 OK"
